Added Component: Designator=C1(C_Rect_L18.0mm_W5.0mm_P15.00mm_FKS3_FKP3)
Add component (AddParameter): Name = "Value"; Value = "~"; VariantName = "[No Variations]"
Added Component: Designator=C2(C_Rect_L18.0mm_W5.0mm_P15.00mm_FKS3_FKP3)
Add component (AddParameter): Name = "Value"; Value = "~"; VariantName = "[No Variations]"
Added Component: Designator=C3(C_Rect_L18.0mm_W5.0mm_P15.00mm_FKS3_FKP3)
Add component (AddParameter): Name = "Value"; Value = "~"; VariantName = "[No Variations]"
Added Component: Designator=C4(C_Rect_L18.0mm_W5.0mm_P15.00mm_FKS3_FKP3)
Add component (AddParameter): Name = "Value"; Value = "~"; VariantName = "[No Variations]"
Added Component: Designator=C5(C_Rect_L31.5mm_W11.0mm_P27.50mm_MKS4)
Add component (AddParameter): Name = "Value"; Value = "1uF"; VariantName = "[No Variations]"
Added Component: Designator=C6(C_Rect_L10.0mm_W4.0mm_P7.50mm_MKS4)
Add component (AddParameter): Name = "Value"; Value = "~"; VariantName = "[No Variations]"
Added Component: Designator=C7(CP_Elec_6.3x5.7)
Add component (AddParameter): Name = "Value"; Value = "C_Polarized_Small"; VariantName = "[No Variations]"
Added Component: Designator=C8(CP_Elec_6.3x5.7)
Add component (AddParameter): Name = "Value"; Value = "C_Polarized_Small"; VariantName = "[No Variations]"
Added Component: Designator=C9(C_0805_2012Metric_Pad1.18x1.45mm_HandSolder)
Add component (AddParameter): Name = "Value"; Value = "~"; VariantName = "[No Variations]"
Added Component: Designator=C10(C_1206_3216Metric_Pad1.33x1.80mm_HandSolder)
Add component (AddParameter): Name = "Value"; Value = "C_Small"; VariantName = "[No Variations]"
Added Component: Designator=C11(C_0805_2012Metric_Pad1.18x1.45mm_HandSolder)
Add component (AddParameter): Name = "Value"; Value = "~"; VariantName = "[No Variations]"
Added Component: Designator=C12(C_0805_2012Metric_Pad1.18x1.45mm_HandSolder)
Add component (AddParameter): Name = "Value"; Value = "~"; VariantName = "[No Variations]"
Added Component: Designator=C13(C_0805_2012Metric_Pad1.18x1.45mm_HandSolder)
Add component (AddParameter): Name = "Value"; Value = "~"; VariantName = "[No Variations]"
Added Component: Designator=C14(C_0805_2012Metric_Pad1.18x1.45mm_HandSolder)
Add component (AddParameter): Name = "Value"; Value = "~"; VariantName = "[No Variations]"
Added Component: Designator=C15(C_0805_2012Metric_Pad1.18x1.45mm_HandSolder)
Add component (AddParameter): Name = "Value"; Value = "~"; VariantName = "[No Variations]"
Added Component: Designator=C16(C_0805_2012Metric_Pad1.18x1.45mm_HandSolder)
Add component (AddParameter): Name = "Value"; Value = "~"; VariantName = "[No Variations]"
Added Component: Designator=C17(C_0805_2012Metric_Pad1.18x1.45mm_HandSolder)
Add component (AddParameter): Name = "Value"; Value = "~"; VariantName = "[No Variations]"
Added Component: Designator=C18(C_0805_2012Metric_Pad1.18x1.45mm_HandSolder)
Add component (AddParameter): Name = "Value"; Value = "~"; VariantName = "[No Variations]"
Added Component: Designator=C19(C_0805_2012Metric_Pad1.18x1.45mm_HandSolder)
Add component (AddParameter): Name = "Value"; Value = "~"; VariantName = "[No Variations]"
Added Component: Designator=C20(C_0805_2012Metric_Pad1.18x1.45mm_HandSolder)
Add component (AddParameter): Name = "Value"; Value = "~"; VariantName = "[No Variations]"
Added Component: Designator=Co1(CP_Radial_D10.0mm_P5.00mm)
Add component (AddParameter): Name = "Value"; Value = "C_Polarized_Small"; VariantName = "[No Variations]"
Added Component: Designator=Co2(CP_Radial_D10.0mm_P5.00mm)
Add component (AddParameter): Name = "Value"; Value = "C_Polarized_Small"; VariantName = "[No Variations]"
Added Component: Designator=Co3(CP_Radial_D10.0mm_P5.00mm)
Add component (AddParameter): Name = "Value"; Value = "C_Polarized_Small"; VariantName = "[No Variations]"
Added Component: Designator=Co4(CP_Radial_D10.0mm_P5.00mm)
Add component (AddParameter): Name = "Value"; Value = "C_Polarized_Small"; VariantName = "[No Variations]"
Added Component: Designator=D1(D_MELF-RM10_Universal_Handsoldering)
Add component (AddParameter): Name = "Value"; Value = "D_Zener_Small_Filled"; VariantName = "[No Variations]"
Added Component: Designator=D2(D_SMA_Handsoldering)
Add component (AddParameter): Name = "Sim.Device"; Value = "D"; VariantName = "[No Variations]"
Add component (AddParameter): Name = "Sim.Pins"; Value = "1=K 2=A"; VariantName = "[No Variations]"
Add component (AddParameter): Name = "Value"; Value = "D_Small_Filled"; VariantName = "[No Variations]"
Added Component: Designator=D3(D_MELF-RM10_Universal_Handsoldering)
Add component (AddParameter): Name = "Value"; Value = "D_Zener_Small_Filled"; VariantName = "[No Variations]"
Added Component: Designator=D4(D_DO-41_SOD81_P7.62mm_Horizontal)
Add component (AddParameter): Name = "Sim.Device"; Value = "D"; VariantName = "[No Variations]"
Add component (AddParameter): Name = "Sim.Pins"; Value = "1=K 2=A"; VariantName = "[No Variations]"
Add component (AddParameter): Name = "Value"; Value = "D_Small_Filled"; VariantName = "[No Variations]"
Added Component: Designator=D5(D_SMA_Handsoldering)
Add component (AddParameter): Name = "Sim.Device"; Value = "D"; VariantName = "[No Variations]"
Add component (AddParameter): Name = "Sim.Pins"; Value = "1=K 2=A"; VariantName = "[No Variations]"
Add component (AddParameter): Name = "Value"; Value = "D_Small_Filled"; VariantName = "[No Variations]"
Added Component: Designator=D6(D_SMA_Handsoldering)
Add component (AddParameter): Name = "Sim.Device"; Value = "D"; VariantName = "[No Variations]"
Add component (AddParameter): Name = "Sim.Pins"; Value = "1=K 2=A"; VariantName = "[No Variations]"
Add component (AddParameter): Name = "Value"; Value = "D_Small_Filled"; VariantName = "[No Variations]"
Added Component: Designator=D7(D_DO-35_SOD27_P7.62mm_Horizontal)
Add component (AddParameter): Name = "Value"; Value = "DIAC"; VariantName = "[No Variations]"
Added Component: Designator=D8(D_MELF-RM10_Universal_Handsoldering)
Add component (AddParameter): Name = "Value"; Value = "D_Zener_Small_Filled"; VariantName = "[No Variations]"
Added Component: Designator=D9(D_SMA_Handsoldering)
Add component (AddParameter): Name = "Sim.Device"; Value = "D"; VariantName = "[No Variations]"
Add component (AddParameter): Name = "Sim.Pins"; Value = "1=K 2=A"; VariantName = "[No Variations]"
Add component (AddParameter): Name = "Value"; Value = "D_Small_Filled"; VariantName = "[No Variations]"
Added Component: Designator=D10(D_SMA_Handsoldering)
Add component (AddParameter): Name = "Value"; Value = "D_Zener_Small_Filled"; VariantName = "[No Variations]"
Added Component: Designator=D11(D_MELF-RM10_Universal_Handsoldering)
Add component (AddParameter): Name = "Value"; Value = "D_Zener_Small_Filled"; VariantName = "[No Variations]"
Added Component: Designator=D12(D_SMA_Handsoldering)
Add component (AddParameter): Name = "Sim.Device"; Value = "D"; VariantName = "[No Variations]"
Add component (AddParameter): Name = "Sim.Pins"; Value = "1=K 2=A"; VariantName = "[No Variations]"
Add component (AddParameter): Name = "Value"; Value = "D_Small_Filled"; VariantName = "[No Variations]"
Added Component: Designator=DR1(D_SMC-RM10_Universal_Handsoldering)
Add component (AddParameter): Name = "Sim.Device"; Value = "D"; VariantName = "[No Variations]"
Add component (AddParameter): Name = "Sim.Pins"; Value = "1=K 2=A"; VariantName = "[No Variations]"
Add component (AddParameter): Name = "Value"; Value = "D_Small_Filled"; VariantName = "[No Variations]"
Added Component: Designator=DR2(D_SMC-RM10_Universal_Handsoldering)
Add component (AddParameter): Name = "Sim.Device"; Value = "D"; VariantName = "[No Variations]"
Add component (AddParameter): Name = "Sim.Pins"; Value = "1=K 2=A"; VariantName = "[No Variations]"
Add component (AddParameter): Name = "Value"; Value = "D_Small_Filled"; VariantName = "[No Variations]"
Added Component: Designator=DR3(D_SMC-RM10_Universal_Handsoldering)
Add component (AddParameter): Name = "Sim.Device"; Value = "D"; VariantName = "[No Variations]"
Add component (AddParameter): Name = "Sim.Pins"; Value = "1=K 2=A"; VariantName = "[No Variations]"
Add component (AddParameter): Name = "Value"; Value = "D_Small_Filled"; VariantName = "[No Variations]"
Added Component: Designator=DR4(D_SMC-RM10_Universal_Handsoldering)
Add component (AddParameter): Name = "Sim.Device"; Value = "D"; VariantName = "[No Variations]"
Add component (AddParameter): Name = "Sim.Pins"; Value = "1=K 2=A"; VariantName = "[No Variations]"
Add component (AddParameter): Name = "Value"; Value = "D_Small_Filled"; VariantName = "[No Variations]"
Added Component: Designator=H1(MountingHole_3.2mm_M3_Pad_Via)
Add component (AddParameter): Name = "Value"; Value = "GND"; VariantName = "[No Variations]"
Added Component: Designator=H2(MountingHole_3.2mm_M3_Pad_Via)
Add component (AddParameter): Name = "Value"; Value = "GND"; VariantName = "[No Variations]"
Added Component: Designator=H3(MountingHole_3.2mm_M3_Pad_Via)
Add component (AddParameter): Name = "Value"; Value = "GND"; VariantName = "[No Variations]"
Added Component: Designator=H4(MountingHole_3.2mm_M3_Pad_Via)
Add component (AddParameter): Name = "Value"; Value = "GND"; VariantName = "[No Variations]"
Added Component: Designator=J1(Faston_5mm)
Add component (AddParameter): Name = "Value"; Value = "Conn_01x02"; VariantName = "[No Variations]"
Added Component: Designator=J2(Faston_5mm)
Add component (AddParameter): Name = "Value"; Value = "Vbus"; VariantName = "[No Variations]"
Added Component: Designator=J3(Faston_5mm)
Add component (AddParameter): Name = "Value"; Value = "Conn_01x02"; VariantName = "[No Variations]"
Added Component: Designator=J4(Faston_5mm)
Add component (AddParameter): Name = "Value"; Value = "GND"; VariantName = "[No Variations]"
Added Component: Designator=J5(KRE02)
Add component (AddParameter): Name = "Value"; Value = "Conn_01x02"; VariantName = "[No Variations]"
Added Component: Designator=J6(KRE02)
Add component (AddParameter): Name = "Value"; Value = "Conn_01x02"; VariantName = "[No Variations]"
Added Component: Designator=JP1(Jumper_Corrente_1mm)
Add component (AddParameter): Name = "Value"; Value = "iR"; VariantName = "[No Variations]"
Added Component: Designator=JP2(Jumper_Corrente_1mm)
Add component (AddParameter): Name = "Value"; Value = "iD1"; VariantName = "[No Variations]"
Added Component: Designator=JP3(Jumper_Corrente_1mm)
Add component (AddParameter): Name = "Value"; Value = "iSec"; VariantName = "[No Variations]"
Added Component: Designator=JP4(Jumper_Corrente_1mm)
Add component (AddParameter): Name = "Value"; Value = "iD2"; VariantName = "[No Variations]"
Added Component: Designator=JP5(Jumper_Corrente_1mm)
Add component (AddParameter): Name = "Value"; Value = "SolderJumper_2_Open"; VariantName = "[No Variations]"
Added Component: Designator=JP6(Jumper_Corrente_1mm)
Add component (AddParameter): Name = "Value"; Value = "iS1"; VariantName = "[No Variations]"
Added Component: Designator=JP7(Jumper_Corrente_1mm)
Add component (AddParameter): Name = "Value"; Value = "iS2"; VariantName = "[No Variations]"
Added Component: Designator=L1(EFD_25_13_09_PIN-1-2-10)
Add component (AddParameter): Name = "Value"; Value = "~"; VariantName = "[No Variations]"
Added Component: Designator=M1(TO-252-2)
Add component (AddParameter): Name = "Value"; Value = "NMOS"; VariantName = "[No Variations]"
Added Component: Designator=M2(TO-252-2)
Add component (AddParameter): Name = "Value"; Value = "NMOS"; VariantName = "[No Variations]"
Added Component: Designator=Q1(SOT-23)
Add component (AddParameter): Name = "Value"; Value = "BC817"; VariantName = "[No Variations]"
Added Component: Designator=Q2(SOT-23)
Add component (AddParameter): Name = "Value"; Value = "BC817"; VariantName = "[No Variations]"
Added Component: Designator=R1(R_1206_3216Metric_Pad1.30x1.75mm_HandSolder)
Add component (AddParameter): Name = "Value"; Value = "~"; VariantName = "[No Variations]"
Added Component: Designator=R2(R_1206_3216Metric_Pad1.30x1.75mm_HandSolder)
Add component (AddParameter): Name = "Value"; Value = "~"; VariantName = "[No Variations]"
Added Component: Designator=R3(R_1206_3216Metric_Pad1.30x1.75mm_HandSolder)
Add component (AddParameter): Name = "Value"; Value = "~"; VariantName = "[No Variations]"
Added Component: Designator=R4(R_1206_3216Metric_Pad1.30x1.75mm_HandSolder)
Add component (AddParameter): Name = "Value"; Value = "~"; VariantName = "[No Variations]"
Added Component: Designator=R5(R_1206_3216Metric_Pad1.30x1.75mm_HandSolder)
Add component (AddParameter): Name = "Value"; Value = "~"; VariantName = "[No Variations]"
Added Component: Designator=R6(R_0805_2012Metric_Pad1.20x1.40mm_HandSolder)
Add component (AddParameter): Name = "Value"; Value = "~"; VariantName = "[No Variations]"
Added Component: Designator=R7(R_1206_3216Metric_Pad1.30x1.75mm_HandSolder)
Add component (AddParameter): Name = "Value"; Value = "~"; VariantName = "[No Variations]"
Added Component: Designator=R8(R_1206_3216Metric_Pad1.30x1.75mm_HandSolder)
Add component (AddParameter): Name = "Value"; Value = "~"; VariantName = "[No Variations]"
Added Component: Designator=R9(R_0805_2012Metric_Pad1.20x1.40mm_HandSolder)
Add component (AddParameter): Name = "Value"; Value = "~"; VariantName = "[No Variations]"
Added Component: Designator=R10(R_1206_3216Metric_Pad1.30x1.75mm_HandSolder)
Add component (AddParameter): Name = "Value"; Value = "~"; VariantName = "[No Variations]"
Added Component: Designator=R11(R_1206_3216Metric_Pad1.30x1.75mm_HandSolder)
Add component (AddParameter): Name = "Value"; Value = "~"; VariantName = "[No Variations]"
Added Component: Designator=R12(R_0805_2012Metric_Pad1.20x1.40mm_HandSolder)
Add component (AddParameter): Name = "Value"; Value = "~"; VariantName = "[No Variations]"
Added Component: Designator=R13(R_1206_3216Metric_Pad1.30x1.75mm_HandSolder)
Add component (AddParameter): Name = "Value"; Value = "~"; VariantName = "[No Variations]"
Added Component: Designator=R14(R_1206_3216Metric_Pad1.30x1.75mm_HandSolder)
Add component (AddParameter): Name = "Value"; Value = "~"; VariantName = "[No Variations]"
Added Component: Designator=R15(R_1206_3216Metric_Pad1.30x1.75mm_HandSolder)
Add component (AddParameter): Name = "Value"; Value = "~"; VariantName = "[No Variations]"
Added Component: Designator=R16(R_1206_3216Metric_Pad1.30x1.75mm_HandSolder)
Add component (AddParameter): Name = "Value"; Value = "10R"; VariantName = "[No Variations]"
Added Component: Designator=R17(R_0805_2012Metric_Pad1.20x1.40mm_HandSolder)
Add component (AddParameter): Name = "Value"; Value = "~"; VariantName = "[No Variations]"
Added Component: Designator=R18(R_0805_2012Metric_Pad1.20x1.40mm_HandSolder)
Add component (AddParameter): Name = "Value"; Value = "3k6"; VariantName = "[No Variations]"
Added Component: Designator=R19(R_0805_2012Metric_Pad1.20x1.40mm_HandSolder)
Add component (AddParameter): Name = "Value"; Value = "~"; VariantName = "[No Variations]"
Added Component: Designator=R20(R_0805_2012Metric_Pad1.20x1.40mm_HandSolder)
Add component (AddParameter): Name = "Value"; Value = "~"; VariantName = "[No Variations]"
Added Component: Designator=R21(R_1206_3216Metric_Pad1.30x1.75mm_HandSolder)
Add component (AddParameter): Name = "Value"; Value = "~"; VariantName = "[No Variations]"
Added Component: Designator=R22(R_0805_2012Metric_Pad1.20x1.40mm_HandSolder)
Add component (AddParameter): Name = "Value"; Value = "10R"; VariantName = "[No Variations]"
Added Component: Designator=R23(R_0805_2012Metric_Pad1.20x1.40mm_HandSolder)
Add component (AddParameter): Name = "Value"; Value = "10R"; VariantName = "[No Variations]"
Added Component: Designator=R24(R_1206_3216Metric_Pad1.30x1.75mm_HandSolder)
Add component (AddParameter): Name = "Value"; Value = "~"; VariantName = "[No Variations]"
Added Component: Designator=R25(R_1206_3216Metric_Pad1.30x1.75mm_HandSolder)
Add component (AddParameter): Name = "Value"; Value = "~"; VariantName = "[No Variations]"
Added Component: Designator=R26(R_0805_2012Metric_Pad1.20x1.40mm_HandSolder)
Add component (AddParameter): Name = "Value"; Value = "10R"; VariantName = "[No Variations]"
Added Component: Designator=R27(R_1206_3216Metric_Pad1.30x1.75mm_HandSolder)
Add component (AddParameter): Name = "Value"; Value = "~"; VariantName = "[No Variations]"
Added Component: Designator=R28(R_0805_2012Metric_Pad1.20x1.40mm_HandSolder)
Add component (AddParameter): Name = "Value"; Value = "10R"; VariantName = "[No Variations]"
Added Component: Designator=R29(R_0805_2012Metric_Pad1.20x1.40mm_HandSolder)
Add component (AddParameter): Name = "Value"; Value = "10R"; VariantName = "[No Variations]"
Added Component: Designator=R30(R_0805_2012Metric_Pad1.20x1.40mm_HandSolder)
Add component (AddParameter): Name = "Value"; Value = "10R"; VariantName = "[No Variations]"
Added Component: Designator=R31(R_0805_2012Metric_Pad1.20x1.40mm_HandSolder)
Add component (AddParameter): Name = "Value"; Value = "10R"; VariantName = "[No Variations]"
Added Component: Designator=R32(R_0805_2012Metric_Pad1.20x1.40mm_HandSolder)
Add component (AddParameter): Name = "Value"; Value = "10R"; VariantName = "[No Variations]"
Added Component: Designator=R33(R_0805_2012Metric_Pad1.20x1.40mm_HandSolder)
Add component (AddParameter): Name = "Value"; Value = "10R"; VariantName = "[No Variations]"
Added Component: Designator=R34(R_0805_2012Metric_Pad1.20x1.40mm_HandSolder)
Add component (AddParameter): Name = "Value"; Value = "10R"; VariantName = "[No Variations]"
Added Component: Designator=R35(R_0805_2012Metric_Pad1.20x1.40mm_HandSolder)
Add component (AddParameter): Name = "Value"; Value = "10R"; VariantName = "[No Variations]"
Added Component: Designator=R36(R_0805_2012Metric_Pad1.20x1.40mm_HandSolder)
Add component (AddParameter): Name = "Value"; Value = "10R"; VariantName = "[No Variations]"
Added Component: Designator=R37(R_0805_2012Metric_Pad1.20x1.40mm_HandSolder)
Add component (AddParameter): Name = "Value"; Value = "10R"; VariantName = "[No Variations]"
Added Component: Designator=R38(R_1206_3216Metric_Pad1.30x1.75mm_HandSolder)
Add component (AddParameter): Name = "Value"; Value = "~"; VariantName = "[No Variations]"
Added Component: Designator=R39(R_1206_3216Metric_Pad1.30x1.75mm_HandSolder)
Add component (AddParameter): Name = "Value"; Value = "~"; VariantName = "[No Variations]"
Added Component: Designator=R40(R_0805_2012Metric_Pad1.20x1.40mm_HandSolder)
Add component (AddParameter): Name = "Value"; Value = "10R"; VariantName = "[No Variations]"
Added Component: Designator=R41(R_0805_2012Metric_Pad1.20x1.40mm_HandSolder)
Add component (AddParameter): Name = "Value"; Value = "10R"; VariantName = "[No Variations]"
Added Component: Designator=R42(R_0805_2012Metric_Pad1.20x1.40mm_HandSolder)
Add component (AddParameter): Name = "Value"; Value = "10R"; VariantName = "[No Variations]"
Added Component: Designator=R43(R_0805_2012Metric_Pad1.20x1.40mm_HandSolder)
Add component (AddParameter): Name = "Value"; Value = "10R"; VariantName = "[No Variations]"
Added Component: Designator=R44(R_1206_3216Metric_Pad1.30x1.75mm_HandSolder)
Add component (AddParameter): Name = "Value"; Value = "10R"; VariantName = "[No Variations]"
Added Component: Designator=R45(R_0805_2012Metric_Pad1.20x1.40mm_HandSolder)
Add component (AddParameter): Name = "Value"; Value = "10R"; VariantName = "[No Variations]"
Added Component: Designator=R46(R_0805_2012Metric_Pad1.20x1.40mm_HandSolder)
Add component (AddParameter): Name = "Value"; Value = "10R"; VariantName = "[No Variations]"
Added Component: Designator=R47(R_0805_2012Metric_Pad1.20x1.40mm_HandSolder)
Add component (AddParameter): Name = "Value"; Value = "10R"; VariantName = "[No Variations]"
Added Component: Designator=R48(R_0805_2012Metric_Pad1.20x1.40mm_HandSolder)
Add component (AddParameter): Name = "Value"; Value = "10R"; VariantName = "[No Variations]"
Added Component: Designator=RV1(Potentiometer_Bourns_3296W_Vertical)
Add component (AddParameter): Name = "Value"; Value = "R_Potentiometer_Small"; VariantName = "[No Variations]"
Added Component: Designator=RV2(Potentiometer_Bourns_3296W_Vertical)
Add component (AddParameter): Name = "Value"; Value = "R_Potentiometer_Small"; VariantName = "[No Variations]"
Added Component: Designator=SW1(SW_SPST_PTS645)
Add component (AddParameter): Name = "Value"; Value = "SW_Push"; VariantName = "[No Variations]"
Added Component: Designator=TP1(TestPoint_Loop_D1.80mm_Drill1.0mm_Beaded)
Add component (AddParameter): Name = "Value"; Value = "VdHS"; VariantName = "[No Variations]"
Added Component: Designator=TP2(TestPoint_Loop_D1.80mm_Drill1.0mm_Beaded)
Add component (AddParameter): Name = "Value"; Value = "Rac1"; VariantName = "[No Variations]"
Added Component: Designator=TP3(TestPoint_Loop_D1.80mm_Drill1.0mm_Beaded)
Add component (AddParameter): Name = "Value"; Value = "VgHS"; VariantName = "[No Variations]"
Added Component: Designator=TP4(TestPoint_Loop_D1.80mm_Drill1.0mm_Beaded)
Add component (AddParameter): Name = "Value"; Value = "Rac2"; VariantName = "[No Variations]"
Added Component: Designator=TP5(TestPoint_Loop_D1.80mm_Drill1.0mm_Beaded)
Add component (AddParameter): Name = "Value"; Value = "VsHS"; VariantName = "[No Variations]"
Added Component: Designator=TP6(TestPoint_Loop_D1.80mm_Drill1.0mm_Beaded)
Add component (AddParameter): Name = "Value"; Value = "VdLS"; VariantName = "[No Variations]"
Added Component: Designator=TP7(TestPoint_Loop_D1.80mm_Drill1.0mm_Beaded)
Add component (AddParameter): Name = "Value"; Value = "VgLS"; VariantName = "[No Variations]"
Added Component: Designator=TP8(TestPoint_Loop_D1.80mm_Drill1.0mm_Beaded)
Add component (AddParameter): Name = "Value"; Value = "VsLS"; VariantName = "[No Variations]"
Added Component: Designator=TP9(TestPoint_Loop_D1.80mm_Drill1.0mm_Beaded)
Add component (AddParameter): Name = "Value"; Value = "Earth"; VariantName = "[No Variations]"
Added Component: Designator=TP10(TestPoint_Loop_D1.80mm_Drill1.0mm_Beaded)
Add component (AddParameter): Name = "Value"; Value = "GND"; VariantName = "[No Variations]"
Added Component: Designator=TP11(Test Pad SMD)
Add component (AddParameter): Name = "Value"; Value = "y"; VariantName = "[No Variations]"
Added Component: Designator=TP12(Test Pad SMD)
Add component (AddParameter): Name = "Value"; Value = "erro"; VariantName = "[No Variations]"
Added Component: Designator=TP13(Test Pad SMD)
Add component (AddParameter): Name = "Value"; Value = "ref"; VariantName = "[No Variations]"
Added Component: Designator=TR1(EE_35_18_12)
Add component (AddParameter): Name = "Value"; Value = "TRX_LLC_16pin"; VariantName = "[No Variations]"
Added Component: Designator=U1(TO-252-3_TabPin2)
Add component (AddParameter): Name = "Value"; Value = "L7805"; VariantName = "[No Variations]"
Added Component: Designator=U2(SOIC-8_3.9x4.9mm_P1.27mm)
Add component (AddParameter): Name = "Value"; Value = "ACS712xLCTR-05B"; VariantName = "[No Variations]"
Added Component: Designator=U3(SOIC-14_3.9x8.7mm_P1.27mm)
Add component (AddParameter): Name = "Sim.Device"; Value = "SUBCKT"; VariantName = "[No Variations]"
Add component (AddParameter): Name = "Sim.Library"; Value = "${KICAD7_SYMBOL_DIR}/Simulation_SPICE.sp"; VariantName = "[No Variations]"
Add component (AddParameter): Name = "Sim.Name"; Value = "kicad_builtin_opamp_quad"; VariantName = "[No Variations]"
Add component (AddParameter): Name = "Sim.Pins"; Value = "1=out1 2=in1- 3=in1+ 4=vcc 5=in2+ 6=in2- 7=out2 8=out3 9=in3- 10=in3+ 11=vee 12=in4+ 13=in4- 14=out4"; VariantName = "[No Variations]"
Add component (AddParameter): Name = "Value"; Value = "Opamp_Quad"; VariantName = "[No Variations]"
Added Component: Designator=VCT1(Toroidal_2xD12.5mm_VCT)
Add component (AddParameter): Name = "Value"; Value = "VCT"; VariantName = "[No Variations]"
Added Pin To Net: NetName=5Vcc Pin=C13-1
Added Pin To Net: NetName=5Vcc Pin=R23-2
Added Pin To Net: NetName=5Vcc Pin=U1-1
Added Pin To Net: NetName=5Vcc Pin=U2-8
Added Net: Name=5Vcc
Added Pin To Net: NetName=ACS Pin=R40-2
Added Pin To Net: NetName=ACS Pin=U2-7
Added Net: Name=ACS
Added Pin To Net: NetName=erro Pin=R36-1
Added Pin To Net: NetName=erro Pin=R43-2
Added Pin To Net: NetName=erro Pin=R46-2
Added Pin To Net: NetName=erro Pin=TP12-1
Added Pin To Net: NetName=erro Pin=U3-7
Added Net: Name=erro
Added Pin To Net: NetName=GND Pin=C3-1
Added Pin To Net: NetName=GND Pin=C5-2
Added Pin To Net: NetName=GND Pin=C6-2
Added Pin To Net: NetName=GND Pin=C10-2
Added Pin To Net: NetName=GND Pin=D11-1
Added Pin To Net: NetName=GND Pin=H1-1
Added Pin To Net: NetName=GND Pin=H1-1
Added Pin To Net: NetName=GND Pin=H1-1
Added Pin To Net: NetName=GND Pin=H1-1
Added Pin To Net: NetName=GND Pin=H1-1
Added Pin To Net: NetName=GND Pin=H1-1
Added Pin To Net: NetName=GND Pin=H1-1
Added Pin To Net: NetName=GND Pin=H1-1
Added Pin To Net: NetName=GND Pin=H1-1
Added Pin To Net: NetName=GND Pin=H2-1
Added Pin To Net: NetName=GND Pin=H2-1
Added Pin To Net: NetName=GND Pin=H2-1
Added Pin To Net: NetName=GND Pin=H2-1
Added Pin To Net: NetName=GND Pin=H2-1
Added Pin To Net: NetName=GND Pin=H2-1
Added Pin To Net: NetName=GND Pin=H2-1
Added Pin To Net: NetName=GND Pin=H2-1
Added Pin To Net: NetName=GND Pin=H2-1
Added Pin To Net: NetName=GND Pin=J4-1
Added Pin To Net: NetName=GND Pin=J4-2
Added Pin To Net: NetName=GND Pin=M2-3
Added Pin To Net: NetName=GND Pin=R19-2
Added Pin To Net: NetName=GND Pin=TP8-1
Added Pin To Net: NetName=GND Pin=TP10-1
Added Pin To Net: NetName=GND Pin=VCT1-4
Added Net: Name=GND
Added Pin To Net: NetName=i- Pin=C6-1
Added Pin To Net: NetName=i- Pin=C7-2
Added Pin To Net: NetName=i- Pin=C8-2
Added Pin To Net: NetName=i- Pin=C9-1
Added Pin To Net: NetName=i- Pin=C11-1
Added Pin To Net: NetName=i- Pin=C12-2
Added Pin To Net: NetName=i- Pin=C13-2
Added Pin To Net: NetName=i- Pin=C14-2
Added Pin To Net: NetName=i- Pin=C15-2
Added Pin To Net: NetName=i- Pin=C16-2
Added Pin To Net: NetName=i- Pin=C17-2
Added Pin To Net: NetName=i- Pin=C20-2
Added Pin To Net: NetName=i- Pin=Co1-2
Added Pin To Net: NetName=i- Pin=Co2-2
Added Pin To Net: NetName=i- Pin=Co3-2
Added Pin To Net: NetName=i- Pin=Co4-2
Added Pin To Net: NetName=i- Pin=D10-2
Added Pin To Net: NetName=i- Pin=DR2-2
Added Pin To Net: NetName=i- Pin=DR3-2
Added Pin To Net: NetName=i- Pin=H3-1
Added Pin To Net: NetName=i- Pin=H3-1
Added Pin To Net: NetName=i- Pin=H3-1
Added Pin To Net: NetName=i- Pin=H3-1
Added Pin To Net: NetName=i- Pin=H3-1
Added Pin To Net: NetName=i- Pin=H3-1
Added Pin To Net: NetName=i- Pin=H3-1
Added Pin To Net: NetName=i- Pin=H3-1
Added Pin To Net: NetName=i- Pin=H3-1
Added Pin To Net: NetName=i- Pin=H4-1
Added Pin To Net: NetName=i- Pin=H4-1
Added Pin To Net: NetName=i- Pin=H4-1
Added Pin To Net: NetName=i- Pin=H4-1
Added Pin To Net: NetName=i- Pin=H4-1
Added Pin To Net: NetName=i- Pin=H4-1
Added Pin To Net: NetName=i- Pin=H4-1
Added Pin To Net: NetName=i- Pin=H4-1
Added Pin To Net: NetName=i- Pin=H4-1
Added Pin To Net: NetName=i- Pin=J5-2
Added Pin To Net: NetName=i- Pin=J6-2
Added Pin To Net: NetName=i- Pin=Q2-2
Added Pin To Net: NetName=i- Pin=R4-1
Added Pin To Net: NetName=i- Pin=R7-1
Added Pin To Net: NetName=i- Pin=R10-1
Added Pin To Net: NetName=i- Pin=R14-1
Added Pin To Net: NetName=i- Pin=R27-2
Added Pin To Net: NetName=i- Pin=R30-1
Added Pin To Net: NetName=i- Pin=R31-2
Added Pin To Net: NetName=i- Pin=R34-1
Added Pin To Net: NetName=i- Pin=R46-1
Added Pin To Net: NetName=i- Pin=R47-1
Added Pin To Net: NetName=i- Pin=R48-1
Added Pin To Net: NetName=i- Pin=TP9-1
Added Pin To Net: NetName=i- Pin=TR1-9
Added Pin To Net: NetName=i- Pin=TR1-12
Added Pin To Net: NetName=i- Pin=TR1-13
Added Pin To Net: NetName=i- Pin=U1-2
Added Pin To Net: NetName=i- Pin=U1-2
Added Pin To Net: NetName=i- Pin=U1-2
Added Pin To Net: NetName=i- Pin=U1-2
Added Pin To Net: NetName=i- Pin=U1-2
Added Pin To Net: NetName=i- Pin=U1-2
Added Pin To Net: NetName=i- Pin=U2-3
Added Pin To Net: NetName=i- Pin=U2-5
Added Pin To Net: NetName=i- Pin=U3-3
Added Pin To Net: NetName=i- Pin=U3-11
Added Net: Name=i-
Added Pin To Net: NetName=i+ Pin=J3-1
Added Pin To Net: NetName=i+ Pin=J3-2
Added Pin To Net: NetName=i+ Pin=R4-2
Added Pin To Net: NetName=i+ Pin=R7-2
Added Pin To Net: NetName=i+ Pin=R10-2
Added Pin To Net: NetName=i+ Pin=R14-2
Added Pin To Net: NetName=i+ Pin=R33-2
Added Pin To Net: NetName=i+ Pin=U2-1
Added Net: Name=i+
Added Pin To Net: NetName=LP1 Pin=JP1-1
Added Pin To Net: NetName=LP1 Pin=R1-1
Added Pin To Net: NetName=LP1 Pin=VCT1-1
Added Net: Name=LP1
Added Pin To Net: NetName=LP2 Pin=C1-1
Added Pin To Net: NetName=LP2 Pin=C2-1
Added Pin To Net: NetName=LP2 Pin=VCT1-2
Added Net: Name=LP2
Added Pin To Net: NetName=LS11 Pin=D7-2
Added Pin To Net: NetName=LS11 Pin=D8-1
Added Pin To Net: NetName=LS11 Pin=D9-1
Added Pin To Net: NetName=LS11 Pin=JP6-2
Added Pin To Net: NetName=LS11 Pin=R17-1
Added Pin To Net: NetName=LS11 Pin=SW1-2
Added Pin To Net: NetName=LS11 Pin=SW1-2
Added Net: Name=LS11
Added Pin To Net: NetName=LS21 Pin=C4-1
Added Pin To Net: NetName=LS21 Pin=D3-1
Added Pin To Net: NetName=LS21 Pin=D4-1
Added Pin To Net: NetName=LS21 Pin=JP4-2
Added Pin To Net: NetName=LS21 Pin=JP7-2
Added Pin To Net: NetName=LS21 Pin=M1-3
Added Pin To Net: NetName=LS21 Pin=R9-2
Added Pin To Net: NetName=LS21 Pin=R13-2
Added Pin To Net: NetName=LS21 Pin=TP4-1
Added Pin To Net: NetName=LS21 Pin=TP5-1
Added Pin To Net: NetName=LS21 Pin=TR1-3
Added Net: Name=LS21
Added Pin To Net: NetName=LS22 Pin=D1-1
Added Pin To Net: NetName=LS22 Pin=D2-1
Added Pin To Net: NetName=LS22 Pin=R6-1
Added Pin To Net: NetName=LS22 Pin=VCT1-6
Added Net: Name=LS22
Added Pin To Net: NetName=NetC1_2 Pin=C1-2
Added Pin To Net: NetName=NetC1_2 Pin=C2-2
Added Pin To Net: NetName=NetC1_2 Pin=C3-2
Added Pin To Net: NetName=NetC1_2 Pin=L1-2
Added Net: Name=NetC1_2
Added Pin To Net: NetName=NetC4_2 Pin=C4-2
Added Pin To Net: NetName=NetC4_2 Pin=L1-1
Added Pin To Net: NetName=NetC4_2 Pin=TP2-1
Added Pin To Net: NetName=NetC4_2 Pin=TR1-1
Added Net: Name=NetC4_2
Added Pin To Net: NetName=NetC7_1 Pin=C7-1
Added Pin To Net: NetName=NetC7_1 Pin=Q1-3
Added Pin To Net: NetName=NetC7_1 Pin=R16-2
Added Pin To Net: NetName=NetC7_1 Pin=R18-2
Added Net: Name=NetC7_1
Added Pin To Net: NetName=NetC10_1 Pin=C10-1
Added Pin To Net: NetName=NetC10_1 Pin=D4-2
Added Pin To Net: NetName=NetC10_1 Pin=D7-1
Added Pin To Net: NetName=NetC10_1 Pin=R15-2
Added Pin To Net: NetName=NetC10_1 Pin=SW1-1
Added Pin To Net: NetName=NetC10_1 Pin=SW1-1
Added Net: Name=NetC10_1
Added Pin To Net: NetName=NetC11_2 Pin=C11-2
Added Pin To Net: NetName=NetC11_2 Pin=D10-1
Added Pin To Net: NetName=NetC11_2 Pin=Q1-1
Added Pin To Net: NetName=NetC11_2 Pin=R18-1
Added Net: Name=NetC11_2
Added Pin To Net: NetName=NetC14_1 Pin=C14-1
Added Pin To Net: NetName=NetC14_1 Pin=C15-1
Added Pin To Net: NetName=NetC14_1 Pin=R22-1
Added Pin To Net: NetName=NetC14_1 Pin=R23-1
Added Pin To Net: NetName=NetC14_1 Pin=U3-4
Added Net: Name=NetC14_1
Added Pin To Net: NetName=NetC16_1 Pin=C16-1
Added Pin To Net: NetName=NetC16_1 Pin=U2-6
Added Net: Name=NetC16_1
Added Pin To Net: NetName=NetC17_1 Pin=C17-1
Added Pin To Net: NetName=NetC17_1 Pin=R26-2
Added Pin To Net: NetName=NetC17_1 Pin=R32-1
Added Pin To Net: NetName=NetC17_1 Pin=U3-12
Added Net: Name=NetC17_1
Added Pin To Net: NetName=NetC18_1 Pin=C18-1
Added Pin To Net: NetName=NetC18_1 Pin=R41-2
Added Pin To Net: NetName=NetC18_1 Pin=R43-1
Added Pin To Net: NetName=NetC18_1 Pin=U3-2
Added Net: Name=NetC18_1
Added Pin To Net: NetName=NetC18_2 Pin=C18-2
Added Pin To Net: NetName=NetC18_2 Pin=C19-2
Added Pin To Net: NetName=NetC18_2 Pin=D12-2
Added Pin To Net: NetName=NetC18_2 Pin=R47-2
Added Pin To Net: NetName=NetC18_2 Pin=U3-1
Added Net: Name=NetC18_2
Added Pin To Net: NetName=NetC19_1 Pin=C19-1
Added Pin To Net: NetName=NetC19_1 Pin=R41-1
Added Net: Name=NetC19_1
Added Pin To Net: NetName=NetD1_2 Pin=D1-2
Added Pin To Net: NetName=NetD1_2 Pin=D3-2
Added Net: Name=NetD1_2
Added Pin To Net: NetName=NetD2_2 Pin=D2-2
Added Pin To Net: NetName=NetD2_2 Pin=R12-1
Added Net: Name=NetD2_2
Added Pin To Net: NetName=NetD5_1 Pin=D5-1
Added Pin To Net: NetName=NetD5_1 Pin=R16-1
Added Net: Name=NetD5_1
Added Pin To Net: NetName=NetD5_2 Pin=D5-2
Added Pin To Net: NetName=NetD5_2 Pin=TR1-10
Added Net: Name=NetD5_2
Added Pin To Net: NetName=NetD6_2 Pin=D6-2
Added Pin To Net: NetName=NetD6_2 Pin=Q1-2
Added Net: Name=NetD6_2
Added Pin To Net: NetName=NetD8_2 Pin=D8-2
Added Pin To Net: NetName=NetD8_2 Pin=D11-2
Added Net: Name=NetD8_2
Added Pin To Net: NetName=NetD9_2 Pin=D9-2
Added Pin To Net: NetName=NetD9_2 Pin=R20-1
Added Net: Name=NetD9_2
Added Pin To Net: NetName=NetD12_1 Pin=D12-1
Added Pin To Net: NetName=NetD12_1 Pin=R44-2
Added Net: Name=NetD12_1
Added Pin To Net: NetName=NetDR1_1 Pin=DR1-1
Added Pin To Net: NetName=NetDR1_1 Pin=DR4-1
Added Pin To Net: NetName=NetDR1_1 Pin=JP3-2
Added Net: Name=NetDR1_1
Added Pin To Net: NetName=NetDR1_2 Pin=DR1-2
Added Pin To Net: NetName=NetDR1_2 Pin=DR2-1
Added Pin To Net: NetName=NetDR1_2 Pin=TR1-16
Added Net: Name=NetDR1_2
Added Pin To Net: NetName=NetDR3_1 Pin=DR3-1
Added Pin To Net: NetName=NetDR3_1 Pin=DR4-2
Added Pin To Net: NetName=NetDR3_1 Pin=TR1-15
Added Net: Name=NetDR3_1
Added Pin To Net: NetName=NetJ6_1 Pin=J6-1
Added Pin To Net: NetName=NetJ6_1 Pin=R42-1
Added Pin To Net: NetName=NetJ6_1 Pin=R45-2
Added Pin To Net: NetName=NetJ6_1 Pin=RV2-2
Added Pin To Net: NetName=NetJ6_1 Pin=RV2-3
Added Net: Name=NetJ6_1
Added Pin To Net: NetName=NetJP2_1 Pin=JP2-1
Added Pin To Net: NetName=NetJP2_1 Pin=M1-2
Added Pin To Net: NetName=NetJP2_1 Pin=M1-2
Added Pin To Net: NetName=NetJP2_1 Pin=M1-2
Added Pin To Net: NetName=NetJP2_1 Pin=M1-2
Added Pin To Net: NetName=NetJP2_1 Pin=M1-2
Added Pin To Net: NetName=NetJP2_1 Pin=TP1-1
Added Net: Name=NetJP2_1
Added Pin To Net: NetName=NetJP4_1 Pin=JP4-1
Added Pin To Net: NetName=NetJP4_1 Pin=M2-2
Added Pin To Net: NetName=NetJP4_1 Pin=M2-2
Added Pin To Net: NetName=NetJP4_1 Pin=M2-2
Added Pin To Net: NetName=NetJP4_1 Pin=M2-2
Added Pin To Net: NetName=NetJP4_1 Pin=M2-2
Added Pin To Net: NetName=NetJP4_1 Pin=TP6-1
Added Net: Name=NetJP4_1
Added Pin To Net: NetName=NetJP5_1 Pin=JP5-1
Added Pin To Net: NetName=NetJP5_1 Pin=VCT1-10
Added Net: Name=NetJP5_1
Added Pin To Net: NetName=NetJP6_1 Pin=JP6-1
Added Pin To Net: NetName=NetJP6_1 Pin=VCT1-3
Added Net: Name=NetJP6_1
Added Pin To Net: NetName=NetJP7_1 Pin=JP7-1
Added Pin To Net: NetName=NetJP7_1 Pin=VCT1-5
Added Net: Name=NetJP7_1
Added Pin To Net: NetName=NetM1_1 Pin=M1-1
Added Pin To Net: NetName=NetM1_1 Pin=R6-2
Added Pin To Net: NetName=NetM1_1 Pin=R9-1
Added Pin To Net: NetName=NetM1_1 Pin=R12-2
Added Pin To Net: NetName=NetM1_1 Pin=TP3-1
Added Net: Name=NetM1_1
Added Pin To Net: NetName=NetM2_1 Pin=M2-1
Added Pin To Net: NetName=NetM2_1 Pin=R17-2
Added Pin To Net: NetName=NetM2_1 Pin=R19-1
Added Pin To Net: NetName=NetM2_1 Pin=R20-2
Added Pin To Net: NetName=NetM2_1 Pin=TP7-1
Added Net: Name=NetM2_1
Added Pin To Net: NetName=NetQ2_1 Pin=Q2-1
Added Pin To Net: NetName=NetQ2_1 Pin=R44-1
Added Net: Name=NetQ2_1
Added Pin To Net: NetName=NetQ2_3 Pin=Q2-3
Added Pin To Net: NetName=NetQ2_3 Pin=R38-1
Added Pin To Net: NetName=NetQ2_3 Pin=R39-1
Added Net: Name=NetQ2_3
Added Pin To Net: NetName=NetR1_2 Pin=R1-2
Added Pin To Net: NetName=NetR1_2 Pin=R3-1
Added Net: Name=NetR1_2
Added Pin To Net: NetName=NetR2_2 Pin=R2-2
Added Pin To Net: NetName=NetR2_2 Pin=R5-1
Added Net: Name=NetR2_2
Added Pin To Net: NetName=NetR3_2 Pin=R3-2
Added Pin To Net: NetName=NetR3_2 Pin=R8-1
Added Net: Name=NetR3_2
Added Pin To Net: NetName=NetR5_2 Pin=R5-2
Added Pin To Net: NetName=NetR5_2 Pin=R11-1
Added Net: Name=NetR5_2
Added Pin To Net: NetName=NetR8_2 Pin=R8-2
Added Pin To Net: NetName=NetR8_2 Pin=R13-1
Added Net: Name=NetR8_2
Added Pin To Net: NetName=NetR11_2 Pin=R11-2
Added Pin To Net: NetName=NetR11_2 Pin=R15-1
Added Net: Name=NetR11_2
Added Pin To Net: NetName=NetR21_2 Pin=R21-2
Added Pin To Net: NetName=NetR21_2 Pin=R24-1
Added Net: Name=NetR21_2
Added Pin To Net: NetName=NetR24_2 Pin=R24-2
Added Pin To Net: NetName=NetR24_2 Pin=R25-1
Added Net: Name=NetR24_2
Added Pin To Net: NetName=NetR25_2 Pin=R25-2
Added Pin To Net: NetName=NetR25_2 Pin=R26-1
Added Pin To Net: NetName=NetR25_2 Pin=R27-1
Added Net: Name=NetR25_2
Added Pin To Net: NetName=NetR28_2 Pin=R28-2
Added Pin To Net: NetName=NetR28_2 Pin=RV1-3
Added Net: Name=NetR28_2
Added Pin To Net: NetName=NetR29_1 Pin=R29-1
Added Pin To Net: NetName=NetR29_1 Pin=R32-2
Added Pin To Net: NetName=NetR29_1 Pin=U3-8
Added Net: Name=NetR29_1
Added Pin To Net: NetName=NetR29_2 Pin=R29-2
Added Pin To Net: NetName=NetR29_2 Pin=R31-1
Added Pin To Net: NetName=NetR29_2 Pin=U3-9
Added Net: Name=NetR29_2
Added Pin To Net: NetName=NetR30_2 Pin=R30-2
Added Pin To Net: NetName=NetR30_2 Pin=RV1-1
Added Pin To Net: NetName=NetR30_2 Pin=RV1-2
Added Pin To Net: NetName=NetR30_2 Pin=U3-13
Added Net: Name=NetR30_2
Added Pin To Net: NetName=NetR33_1 Pin=R33-1
Added Pin To Net: NetName=NetR33_1 Pin=R34-2
Added Pin To Net: NetName=NetR33_1 Pin=R40-1
Added Pin To Net: NetName=NetR33_1 Pin=U3-10
Added Net: Name=NetR33_1
Added Pin To Net: NetName=NetR35_1 Pin=R35-1
Added Pin To Net: NetName=NetR35_1 Pin=R37-2
Added Pin To Net: NetName=NetR35_1 Pin=U3-6
Added Net: Name=NetR35_1
Added Pin To Net: NetName=NetR36_2 Pin=R36-2
Added Pin To Net: NetName=NetR36_2 Pin=R37-1
Added Net: Name=NetR36_2
Added Pin To Net: NetName=NetR38_2 Pin=R38-2
Added Pin To Net: NetName=NetR38_2 Pin=R39-2
Added Pin To Net: NetName=NetR38_2 Pin=VCT1-7
Added Net: Name=NetR38_2
Added Pin To Net: NetName=NetVCT1_8 Pin=VCT1-8
Added Pin To Net: NetName=NetVCT1_8 Pin=VCT1-9
Added Net: Name=NetVCT1_8
Added Pin To Net: NetName=ref Pin=C20-1
Added Pin To Net: NetName=ref Pin=R45-1
Added Pin To Net: NetName=ref Pin=R48-2
Added Pin To Net: NetName=ref Pin=TP13-1
Added Pin To Net: NetName=ref Pin=U3-5
Added Net: Name=ref
Added Pin To Net: NetName=Vbus Pin=C5-1
Added Pin To Net: NetName=Vbus Pin=J2-1
Added Pin To Net: NetName=Vbus Pin=J2-2
Added Pin To Net: NetName=Vbus Pin=JP1-2
Added Pin To Net: NetName=Vbus Pin=JP2-2
Added Pin To Net: NetName=Vbus Pin=R2-1
Added Net: Name=Vbus
Added Pin To Net: NetName=Vcc Pin=C8-1
Added Pin To Net: NetName=Vcc Pin=C9-2
Added Pin To Net: NetName=Vcc Pin=C12-1
Added Pin To Net: NetName=Vcc Pin=D6-1
Added Pin To Net: NetName=Vcc Pin=J5-1
Added Pin To Net: NetName=Vcc Pin=JP5-2
Added Pin To Net: NetName=Vcc Pin=R22-2
Added Pin To Net: NetName=Vcc Pin=R42-2
Added Pin To Net: NetName=Vcc Pin=RV2-1
Added Pin To Net: NetName=Vcc Pin=U1-3
Added Net: Name=Vcc
Added Pin To Net: NetName=Vo Pin=Co1-1
Added Pin To Net: NetName=Vo Pin=Co2-1
Added Pin To Net: NetName=Vo Pin=Co3-1
Added Pin To Net: NetName=Vo Pin=Co4-1
Added Pin To Net: NetName=Vo Pin=J1-1
Added Pin To Net: NetName=Vo Pin=J1-2
Added Pin To Net: NetName=Vo Pin=JP3-1
Added Pin To Net: NetName=Vo Pin=R21-1
Added Net: Name=Vo
Added Pin To Net: NetName=y Pin=R28-1
Added Pin To Net: NetName=y Pin=R35-2
Added Pin To Net: NetName=y Pin=TP11-1
Added Pin To Net: NetName=y Pin=U3-14
Added Net: Name=y
Added Class: Name=ESQUEMATICO_NOVO
Added Rule: Name=Schematic Supply Nets
Added Rule: Name=Schematic Supply Nets_1
Added Rule: Name=Schematic Supply Nets_2
